[2026-08-30 22:05:15] [logger] [INFO] ======================================================================
[2026-08-30 22:05:15] [logger] [INFO] 🐬 DOLPHIN RT:CORE 'FRONTENDONE' - STARTUP
[2026-08-30 22:05:15] [logger] [INFO] ======================================================================
[2026-08-30 22:05:15] [logger] [INFO] Version: v11.00.00
[2026-08-30 22:05:15] [logger] [INFO] Log directory: /home/sirpips/dolphin-rtcore-dev/opt/muos/share/emulator/dolphin/frontend/data/logs/frontend
[2026-08-30 22:05:15] [logger] [INFO] Log level: INFO
[2026-08-30 22:05:15] [logger] [INFO] Python version: 3.13.5 (main, Jul 15 2026, 20:25:40) [GCC 14.2.0]
[2026-08-30 22:05:15] [logger] [INFO] Platform: linux
[2026-08-30 22:05:15] [logger] [INFO] ======================================================================
[2026-08-31 01:01:56] [logger] [INFO] ======================================================================
[2026-08-31 01:01:56] [logger] [INFO] 🐬 DOLPHIN RT:CORE 'FRONTENDONE' - STARTUP
[2026-08-31 01:01:56] [logger] [INFO] ======================================================================
[2026-08-31 01:01:56] [logger] [INFO] Version: v11.00.00
[2026-08-31 01:01:56] [logger] [INFO] Log directory: /home/sirpips/dolphin-rtcore-dev/opt/muos/share/emulator/dolphin/frontend/data/logs/frontend
[2026-08-31 01:01:56] [logger] [INFO] Log level: INFO
[2026-08-31 01:01:56] [logger] [INFO] Python version: 3.13.5 (main, Jul 15 2026, 20:25:40) [GCC 14.2.0]
[2026-08-31 01:01:56] [logger] [INFO] Platform: linux
[2026-08-31 01:01:56] [logger] [INFO] ======================================================================
[2026-08-31 01:03:44] [logger] [INFO] ======================================================================
[2026-08-31 01:03:44] [logger] [INFO] 🐬 DOLPHIN RT:CORE 'FRONTENDONE' - STARTUP
[2026-08-31 01:03:44] [logger] [INFO] ======================================================================
[2026-08-31 01:03:44] [logger] [INFO] Version: v11.00.00
[2026-08-31 01:03:44] [logger] [INFO] Log directory: /home/sirpips/dolphin-rtcore-dev/opt/muos/share/emulator/dolphin/frontend/data/logs/frontend
[2026-08-31 01:03:44] [logger] [INFO] Log level: INFO
[2026-08-31 01:03:44] [logger] [INFO] Python version: 3.13.5 (main, Jul 15 2026, 20:25:40) [GCC 14.2.0]
[2026-08-31 01:03:44] [logger] [INFO] Platform: linux
[2026-08-31 01:03:44] [logger] [INFO] ======================================================================
[2026-08-31 01:04:00] [logger] [INFO] ======================================================================
[2026-08-31 01:04:00] [logger] [INFO] 🐬 DOLPHIN RT:CORE 'FRONTENDONE' - STARTUP
[2026-08-31 01:04:00] [logger] [INFO] ======================================================================
[2026-08-31 01:04:00] [logger] [INFO] Version: v11.00.00
[2026-08-31 01:04:00] [logger] [INFO] Log directory: /home/sirpips/dolphin-rtcore-dev/opt/muos/share/emulator/dolphin/frontend/data/logs/frontend
[2026-08-31 01:04:00] [logger] [INFO] Log level: INFO
[2026-08-31 01:04:00] [logger] [INFO] Python version: 3.13.5 (main, Jul 15 2026, 20:25:40) [GCC 14.2.0]
[2026-08-31 01:04:00] [logger] [INFO] Platform: linux
[2026-08-31 01:04:00] [logger] [INFO] ======================================================================
